Microchip MPLAB XC8 Compiler V2.46

Linker command line:

-W-3 --edf=/Applications/microchip/xc8/v2.46/pic/dat/20240104201356_en.msgs \
  -cn -h+dist/default/debug/8755prg.X.debug.sym \
  --cmf=dist/default/debug/8755prg.X.debug.cmf -z -Q16F1789 \
  -o/tmp/xcKPg9RcM/driver_tmp_3.o --defsym=__MPLAB_BUILD=1 \
  --fixupoverflow=error -Mdist/default/debug/8755prg.X.debug.map \
  --md=/tmp/xcKPg9RcM/driver_tmp_0.dat -E1 -ver=XC8 Compiler --acfsm=1493 \
  -ACODE=00h-07FFhx8 -ASTRCODE=00h-03FFFh -ASTRING=00h-0FFhx64 \
  -ACONST=00h-0FFhx64 -AENTRY=00h-0FFhx64 -ACOMMON=070h-07Fh \
  -ABANK0=020h-06Fh -ABANK1=0A0h-0EFh -ABANK2=0120h-016Fh \
  -ABANK3=01A0h-01EFh -ABANK4=0220h-026Fh -ABANK5=02A0h-02EFh \
  -ABANK6=0320h-036Fh -ABANK7=03A0h-03EFh -ABANK8=0420h-046Fh \
  -ABANK9=04A0h-04EFh -ABANK10=0520h-056Fh -ABANK11=05A0h-05EFh \
  -ABANK12=0620h-066Fh -ABANK13=06A0h-06EFh -ABANK14=0720h-076Fh \
  -ABANK15=07A0h-07EFh -ABANK16=0820h-086Fh -ABANK17=08A0h-08EFh \
  -ABANK18=0920h-096Fh -ABANK19=09A0h-09EFh -ABANK20=0A20h-0A6Fh \
  -ABANK21=0AA0h-0AEFh -ABANK22=0B20h-0B6Fh -ABANK23=0BA0h-0BEFh \
  -ABANK24=0C20h-0C6Fh -ABANK25=0CA0h-0CBFh -ABIGRAM=02000h-027EFh \
  -ARAM=020h-06Fh,0A0h-0EFh,0120h-016Fh,01A0h-01EFh,0220h-026Fh,02A0h-02EFh,0320h-036Fh,03A0h-03EFh,0420h-046Fh,04A0h-04EFh,0520h-056Fh,05A0h-05EFh,0620h-066Fh,06A0h-06EFh,0720h-076Fh,07A0h-07EFh,0820h-086Fh,08A0h-08EFh,0920h-096Fh,09A0h-09EFh,0A20h-0A6Fh,0AA0h-0AEFh,0B20h-0B6Fh,0BA0h-0BEFh,0C20h-0C6Fh,0CA0h-0CBFh \
  -AABS1=020h-07Fh,0A0h-0EFh,0120h-016Fh,01A0h-01EFh,0220h-026Fh,02A0h-02EFh,0320h-036Fh,03A0h-03EFh,0420h-046Fh,04A0h-04EFh,0520h-056Fh,05A0h-05EFh,0620h-066Fh,06A0h-06EFh,0720h-076Fh,07A0h-07EFh,0820h-086Fh,08A0h-08EFh,0920h-096Fh,09A0h-09EFh,0A20h-0A6Fh,0AA0h-0AEFh,0B20h-0B6Fh,0BA0h-0BEFh,0C20h-0C6Fh,0CA0h-0CBFh \
  -ASFR0=00h-01Fh -ASFR1=080h-09Fh -ASFR2=0100h-011Fh -ASFR3=0180h-019Fh \
  -ASFR4=0200h-021Fh -ASFR5=0280h-029Fh -ASFR6=0300h-031Fh \
  -ASFR7=0380h-039Fh -ASFR8=0400h-041Fh -ASFR9=0480h-049Fh \
  -ASFR10=0500h-051Fh -ASFR11=0580h-059Fh -ASFR12=0600h-061Fh \
  -ASFR13=0680h-069Fh -ASFR14=0700h-071Fh -ASFR15=0780h-079Fh \
  -ASFR16=0800h-081Fh -ASFR17=0880h-089Fh -ASFR18=0900h-091Fh \
  -ASFR19=0980h-099Fh -ASFR20=0A00h-0A1Fh -ASFR21=0A80h-0A9Fh \
  -ASFR22=0B00h-0B1Fh -ASFR23=0B80h-0B9Fh -ASFR24=0C00h-0C1Fh \
  -ASFR25=0C80h-0C9Fh -ASFR26=0D00h-0D6Fh -ASFR27=0D80h-0DEFh \
  -ASFR28=0E00h-0E6Fh -ASFR29=0E80h-0EEFh -ASFR30=0F00h-0F6Fh \
  -ASFR31=0F80h-0FEFh -ACONFIG=08007h-08008h -DCONFIG=2 \
  -AIDLOC=08000h-08003h -DIDLOC=2 -AEEDATA=00h-0FFh/0F000h \
  -peeprom_data=EEDATA -DEEDATA=2 -DCODE=2 -DSTRCODE=2 -DSTRING=2 -DCONST=2 \
  -DENTRY=2 -preset_vec=00h,intentry=04h,sivt,init,end_init -ppowerup=CODE \
  -pcinit=CODE -pfunctab=ENTRY -k /tmp/xcKPg9RcM/driver_tmp_20.o \
  dist/default/debug/8755prg.X.debug.o 

Object code version is 3.11

Machine type is 16F1789



                Name                               Link     Load   Length Selector   Space Scale
/tmp/xcKPg9RcM/driver_tmp_20.o
                end_init                             3C       3C        2        8       0
                reset_vec                             0        0        2        0       0
                config                             8007     8007        2        0       4
dist/default/debug/8755prg.X.debug.o
                cinit                                3E       3E       2E        8       0
                intentry                              4        4       38        8       0
                config                             8007     8007        2        0       4
                text41                              D33      D33        D     1A66       0
                text40                              D40      D40       12     1A80       0
                text39                              7A4      7A4       42        8       0
                text38                              D1F      D1F        8     1A3E       0
                text37                              EDA      EDA       2A     1DB4       0
                text36                              E50      E50       20     1CA0       0
                text34                              DDA      DDA       1D     1BB4       0
                text33                              7E6      7E6       18        8       0
                text32                              E31      E31       1F     1C62       0
                text31                              F8E      F8E       37     1F1C       0
                text30                              5B3      5B3       60        8       0
                text29                              66E      66E       54        8       0
                text28                              D52      D52       12     1AA4       0
                text27                                3        3        1        6       0
                text26                              6C2      6C2       52        8       0
                text25                              E90      E90       25     1D20       0
                text24                              762      762       42        8       0
                text23                              169      169       B2        8       0
                text22                              E70      E70       20     1CE0       0
                text21                              553      553       60        8       0
                text20                              476      476       78        8       0
                text19                               6C       6C       FD        8       0
                text18                              DA2      DA2       1C     1B44       0
                text17                              DF7      DF7       1D     1BEE       0
                text16                              F04      F04       2A     1E08       0
                text15                              3EB      3EB       8B        8       0
                text14                              714      714       4E        8       0
                text13                              EB5      EB5       25     1D6A       0
                text12                              D77      D77       14     1AEE       0
                text11                              35F      35F       8C        8       0
                text10                              D8B      D8B       17     1B16       0
                text9                               D64      D64       13     1AC8       0
                text8                               E14      E14       1D     1C28       0
                text7                               FC5      FC5       3B     1F8A       0
                text6                               F2E      F2E       2C     1E5C       0
                text5                               2C8      2C8       97        8       0
                text4                               DBE      DBE       1C     1B7C       0
                text3                               613      613       5B        8       0
                text2                               F5A      F5A       34     1EB4       0
                text1                               21B      21B       AD        8       0
                maintext                            4EE      4EE       65        8       0
                cstackBANK0                          20       20       50       20       1
                cstackCOMMON                         70       70        E       70       1
                cstackBANK1                          A0       A0       3B       A0       1
                clrtext                             D27      D27        C     1A4E       0
                bssBANK2                            120      120       20      120       1
                dataBANK1                            E8       E8        2       A0       1
                bssBANK1                             DB       DB        D       A0       1
                stringtext12                       10C1     10C1        4     2000       0
                stringtext11                       10BC     10BC        5     2000       0
                stringtext10                       10B5     10B5        7     2000       0
                stringtext9                        10AD     10AD        8     2000       0
                stringtext8                        10A3     10A3        A     2000       0
                stringtext7                        1095     1095        E     2000       0
                stringtext6                        1086     1086        F     2000       0
                stringtext5                        1077     1077        F     2000       0
                stringtext4                        1063     1063       14     2000       0
                stringtext3                        1047     1047       1C     2000       0
                stringtext2                        102A     102A       1D     2000       0
                stringtext1                        1000     1000       2A     2000       0
                idataBANK1                          7FE      7FE        2        8       0

TOTAL           Name                               Link     Load   Length     Space
        CLASS   CODE           
                end_init                             3C       3C        2         0
                cinit                                3E       3E       2E         0
                intentry                              4        4       38         0
                reset_vec                             0        0        2         0
                text41                              D33      D33        D         0
                text40                              D40      D40       12         0
                text39                              7A4      7A4       42         0
                text38                              D1F      D1F        8         0
                text37                              EDA      EDA       2A         0
                text36                              E50      E50       20         0
                text34                              DDA      DDA       1D         0
                text33                              7E6      7E6       18         0
                text32                              E31      E31       1F         0
                text31                              F8E      F8E       37         0
                text30                              5B3      5B3       60         0
                text29                              66E      66E       54         0
                text28                              D52      D52       12         0
                text27                                3        3        1         0
                text26                              6C2      6C2       52         0
                text25                              E90      E90       25         0
                text24                              762      762       42         0
                text23                              169      169       B2         0
                text22                              E70      E70       20         0
                text21                              553      553       60         0
                text20                              476      476       78         0
                text19                               6C       6C       FD         0
                text18                              DA2      DA2       1C         0
                text17                              DF7      DF7       1D         0
                text16                              F04      F04       2A         0
                text15                              3EB      3EB       8B         0
                text14                              714      714       4E         0
                text13                              EB5      EB5       25         0
                text12                              D77      D77       14         0
                text11                              35F      35F       8C         0
                text10                              D8B      D8B       17         0
                text9                               D64      D64       13         0
                text8                               E14      E14       1D         0
                text7                               FC5      FC5       3B         0
                text6                               F2E      F2E       2C         0
                text5                               2C8      2C8       97         0
                text4                               DBE      DBE       1C         0
                text3                               613      613       5B         0
                text2                               F5A      F5A       34         0
                text1                               21B      21B       AD         0
                maintext                            4EE      4EE       65         0
                clrtext                             D27      D27        C         0
                idataBANK1                          7FE      7FE        2         0

        CLASS   STRCODE        
                stringtext12                       10C1     10C1        4         0
                stringtext11                       10BC     10BC        5         0
                stringtext10                       10B5     10B5        7         0
                stringtext9                        10AD     10AD        8         0
                stringtext8                        10A3     10A3        A         0
                stringtext7                        1095     1095        E         0
                stringtext6                        1086     1086        F         0
                stringtext5                        1077     1077        F         0
                stringtext4                        1063     1063       14         0
                stringtext3                        1047     1047       1C         0
                stringtext2                        102A     102A       1D         0
                stringtext1                        1000     1000       2A         0

        CLASS   STRING         

        CLASS   CONST          

        CLASS   ENTRY          

        CLASS   COMMON         
                cstackCOMMON                         70       70        E         1

        CLASS   BANK0          
                cstackBANK0                          20       20       50         1

        CLASS   BANK1          
                cstackBANK1                          A0       A0       3B         1
                dataBANK1                            E8       E8        2         1
                bssBANK1                             DB       DB        D         1

        CLASS   BANK2          
                bssBANK2                            120      120       20         1

        CLASS   BANK3          

        CLASS   BANK4          

        CLASS   BANK5          

        CLASS   BANK6          

        CLASS   BANK7          

        CLASS   BANK8          

        CLASS   BANK9          

        CLASS   BANK10         

        CLASS   BANK11         

        CLASS   BANK12         

        CLASS   BANK13         

        CLASS   BANK14         

        CLASS   BANK15         

        CLASS   BANK16         

        CLASS   BANK17         

        CLASS   BANK18         

        CLASS   BANK19         

        CLASS   BANK20         

        CLASS   BANK21         

        CLASS   BANK22         

        CLASS   BANK23         

        CLASS   BANK24         

        CLASS   BANK25         

        CLASS   BIGRAM         

        CLASS   RAM            

        CLASS   ABS1           
                abs_s1                               7E       7E        2         1
                abs_s1                              650      650       20         1
                abs_s1                              6A0      6A0       50         1
                abs_s1                              720      720       50         1
                abs_s1                              7A0      7A0       50         1
                abs_s1                              820      820       50         1
                abs_s1                              8A0      8A0       50         1
                abs_s1                              920      920       50         1
                abs_s1                              9A0      9A0       50         1
                abs_s1                              A20      A20       50         1
                abs_s1                              AA0      AA0       50         1
                abs_s1                              B20      B20       50         1
                abs_s1                              BA0      BA0       50         1
                abs_s1                              C20      C20       50         1
                abs_s1                              CA0      CA0       20         1
                abs_s1                             23F0     23F0        0         1

        CLASS   SFR0           

        CLASS   SFR1           

        CLASS   SFR2           

        CLASS   SFR3           

        CLASS   SFR4           

        CLASS   SFR5           

        CLASS   SFR6           

        CLASS   SFR7           

        CLASS   SFR8           

        CLASS   SFR9           

        CLASS   SFR10          

        CLASS   SFR11          

        CLASS   SFR12          

        CLASS   SFR13          

        CLASS   SFR14          

        CLASS   SFR15          

        CLASS   SFR16          

        CLASS   SFR17          

        CLASS   SFR18          

        CLASS   SFR19          

        CLASS   SFR20          

        CLASS   SFR21          

        CLASS   SFR22          

        CLASS   SFR23          

        CLASS   SFR24          

        CLASS   SFR25          

        CLASS   SFR26          

        CLASS   SFR27          

        CLASS   SFR28          

        CLASS   SFR29          

        CLASS   SFR30          

        CLASS   SFR31          

        CLASS   CONFIG         
                config                             8007     8007        2         4

        CLASS   IDLOC          

        CLASS   EEDATA         

        CLASS   BANK31         

        CLASS   BANK30         

        CLASS   BANK29         

        CLASS   BANK28         

        CLASS   BANK27         

        CLASS   BANK26         

        CLASS   HEAP           

        CLASS   STACK          



SEGMENTS        Name                           Load    Length   Top    Selector   Space  Class     Delta

                text28                         000D52  000012  000D64      1AA4       0  CODE        2
                text9                          000D64  000013  000D77      1AC8       0  CODE        2
                text10                         000D8B  000017  000DA2      1B16       0  CODE        2
                text12                         000D77  000014  000D8B      1AEE       0  CODE        2
                text40                         000D40  000012  000D52      1A80       0  CODE        2
                text41                         000D33  00000D  000D40      1A66       0  CODE        2
                text16                         000F04  00002A  000F2E      1E08       0  CODE        2
                stringtext1                    001000  0000C5  0010C5      2000       0  STRCODE     2
                text13                         000EB5  000025  000EDA      1D6A       0  CODE        2
                text37                         000EDA  00002A  000F04      1DB4       0  CODE        2
                text31                         000F8E  000037  000FC5      1F1C       0  CODE        2
                text7                          000FC5  00003B  001000      1F8A       0  CODE        2
                text6                          000F2E  00002C  000F5A      1E5C       0  CODE        2
                text2                          000F5A  000034  000F8E      1EB4       0  CODE        2
                text25                         000E90  000025  000EB5      1D20       0  CODE        2
                text34                         000DDA  00001D  000DF7      1BB4       0  CODE        2
                text17                         000DF7  00001D  000E14      1BEE       0  CODE        2
                text18                         000DA2  00001C  000DBE      1B44       0  CODE        2
                text4                          000DBE  00001C  000DDA      1B7C       0  CODE        2
                text36                         000E50  000020  000E70      1CA0       0  CODE        2
                text22                         000E70  000020  000E90      1CE0       0  CODE        2
                text8                          000E14  00001D  000E31      1C28       0  CODE        2
                text32                         000E31  00001F  000E50      1C62       0  CODE        2
                clrtext                        000D27  00000C  000D33      1A4E       0  CODE        2
                reset_vec                      000000  000002  000002         0       0  CODE        2
                text27                         000003  000001  000004         6       0  CODE        2
                text38                         000D1F  000008  000D27      1A3E       0  CODE        2
                bssBANK2                       000120  000020  000140       120       1  BANK2       1
                cstackBANK1                    0000A0  00004A  0000EA        A0       1  BANK1       1
                intentry                       000004  0007FC  000800         8       0  CODE        2
                cstackCOMMON                   000070  00000E  00007E        70       1  COMMON      1
                cstackBANK0                    000020  000050  000070        20       1  BANK0       1


UNUSED ADDRESS RANGES

        Name                Unused          Largest block    Delta
        BANK1            000EA-000EF               6           1
        BANK10           00520-0056F              50           1
        BANK11           005A0-005EF              50           1
        BANK12           00620-0064F              30           1
        BANK2            00140-0016F              30           1
        BANK3            001A0-001EF              50           1
        BANK4            00220-0026F              50           1
        BANK5            002A0-002EF              50           1
        BANK6            00320-0036F              50           1
        BANK7            003A0-003EF              50           1
        BANK8            00420-0046F              50           1
        BANK9            004A0-004EF              50           1
        BIGRAM           02000-027EF             7F0           1
        CODE             00002-00002               1           2
                         00800-00D1E             51F
                         010C5-03FFF             800
        CONST            00002-00002               1           2
                         00800-00D1E             100
                         010C5-03FFF             100
        EEDATA           0F000-0F0FF             100           2
        ENTRY            00002-00002               1           2
                         00800-00D1E             100
                         010C5-03FFF             100
        IDLOC            08000-08003               4           2
        RAM              000EA-000EF               6           1
                         00140-0016F              30
                         001A0-001EF              50
                         00220-0026F              50
                         002A0-002EF              50
                         00320-0036F              50
                         003A0-003EF              50
                         00420-0046F              50
                         004A0-004EF              50
                         00520-0056F              50
                         005A0-005EF              50
                         00620-0064F              30
        SFR0             00000-0001F              20           1
        SFR1             00080-0009F              20           1
        SFR10            00500-0051F              20           1
        SFR11            00580-0059F              20           1
        SFR12            00600-0061F              20           1
        SFR13            00680-0069F              20           1
        SFR14            00700-0071F              20           1
        SFR15            00780-0079F              20           1
        SFR16            00800-0081F              20           1
        SFR17            00880-0089F              20           1
        SFR18            00900-0091F              20           1
        SFR19            00980-0099F              20           1
        SFR2             00100-0011F              20           1
        SFR20            00A00-00A1F              20           1
        SFR21            00A80-00A9F              20           1
        SFR22            00B00-00B1F              20           1
        SFR23            00B80-00B9F              20           1
        SFR24            00C00-00C1F              20           1
        SFR25            00C80-00C9F              20           1
        SFR26            00D00-00D6F              70           1
        SFR27            00D80-00DEF              70           1
        SFR28            00E00-00E6F              70           1
        SFR29            00E80-00EEF              70           1
        SFR3             00180-0019F              20           1
        SFR30            00F00-00F6F              70           1
        SFR31            00F80-00FEF              70           1
        SFR4             00200-0021F              20           1
        SFR5             00280-0029F              20           1
        SFR6             00300-0031F              20           1
        SFR7             00380-0039F              20           1
        SFR8             00400-0041F              20           1
        SFR9             00480-0049F              20           1
        STRCODE          00002-00002               1           2
                         00800-00D1E             51F
                         010C5-03FFF            2F3B
        STRING           00002-00002               1           2
                         00800-00D1E             100
                         010C5-03FFF             100

                                  Symbol Table

?___awdiv                   cstackBANK0  00020
?___awmod                   cstackBANK0  00020
?___lldiv                   cstackBANK0  0002C
?___lmul                    cstackBANK0  00020
?___wmul                    cstackBANK0  00020
?_abs                       cstackBANK0  00027
?_addone                    cstackBANK0  00020
?_read_prec_or_width        cstackBANK0  00026
?_size                      cstackCOMMON 00072
?_sprintf                   cstackBANK0  00057
?_uart_init_brg             cstackBANK0  00020
?_vfprintf                  cstackBANK0  00050
?i1_addone                  cstackCOMMON 00070
_ADCON0bits                 (abs)        0009D
_ADCON1                     (abs)        0009E
_BAUDCONbits                (abs)        0019F
_INTCONbits                 (abs)        0000B
_PIE1bits                   (abs)        00091
_PIR1bits                   (abs)        00011
_PORTAbits                  (abs)        0000C
_PORTBbits                  (abs)        0000D
_PORTCbits                  (abs)        0000E
_PORTD                      (abs)        0000F
_PORTEbits                  (abs)        00010
_RCREG                      (abs)        00199
_RCSTAbits                  (abs)        0019D
_SPBRG                      (abs)        0019B
_SPBRGH                     (abs)        0019C
_TRISAbits                  (abs)        0008C
_TRISB                      (abs)        0008D
_TRISC                      (abs)        0008E
_TRISCbits                  (abs)        0008E
_TRISD                      (abs)        0008F
_TRISEbits                  (abs)        00090
_TXREG                      (abs)        0019A
_TXSTAbits                  (abs)        0019E
__H__absolute__             __absolute__ 00000
__Habs1                     abs1         00000
__Hbank0                    bank0        00000
__Hbank1                    bank1        00000
__Hbank10                   bank10       00000
__Hbank11                   bank11       00000
__Hbank12                   bank12       00000
__Hbank13                   bank13       00000
__Hbank14                   bank14       00000
__Hbank15                   bank15       00000
__Hbank16                   bank16       00000
__Hbank17                   bank17       00000
__Hbank18                   bank18       00000
__Hbank19                   bank19       00000
__Hbank2                    bank2        00000
__Hbank20                   bank20       00000
__Hbank21                   bank21       00000
__Hbank22                   bank22       00000
__Hbank23                   bank23       00000
__Hbank24                   bank24       00000
__Hbank25                   bank25       00000
__Hbank26                   bank26       00000
__Hbank27                   bank27       00000
__Hbank28                   bank28       00000
__Hbank29                   bank29       00000
__Hbank3                    bank3        00000
__Hbank30                   bank30       00000
__Hbank31                   bank31       00000
__Hbank4                    bank4        00000
__Hbank5                    bank5        00000
__Hbank6                    bank6        00000
__Hbank7                    bank7        00000
__Hbank8                    bank8        00000
__Hbank9                    bank9        00000
__Hbigram                   bigram       00000
__HbssBANK1                 bssBANK1     00000
__HbssBANK2                 bssBANK2     00000
__Hcinit                    cinit        0006C
__Hclrtext                  clrtext      00000
__Hcode                     code         00000
__Hcommon                   common       00000
__Hconfig                   config       08009
__HcstackBANK0              cstackBANK0  00000
__HcstackBANK1              cstackBANK1  00000
__HcstackCOMMON             cstackCOMMON 00000
__HdataBANK1                dataBANK1    00000
__Heeprom_data              eeprom_data  00000
__Hend_init                 end_init     0003E
__Hfunctab                  functab      00000
__Hheap                     heap         00000
__HidataBANK1               idataBANK1   00000
__Hinit                     init         0003C
__Hintentry                 intentry     0003C
__Hmaintext                 maintext     00000
__Hpowerup                  powerup      00000
__Hram                      ram          00000
__Hreset_vec                reset_vec    00002
__Hsfr0                     sfr0         00000
__Hsfr1                     sfr1         00000
__Hsfr10                    sfr10        00000
__Hsfr11                    sfr11        00000
__Hsfr12                    sfr12        00000
__Hsfr13                    sfr13        00000
__Hsfr14                    sfr14        00000
__Hsfr15                    sfr15        00000
__Hsfr16                    sfr16        00000
__Hsfr17                    sfr17        00000
__Hsfr18                    sfr18        00000
__Hsfr19                    sfr19        00000
__Hsfr2                     sfr2         00000
__Hsfr20                    sfr20        00000
__Hsfr21                    sfr21        00000
__Hsfr22                    sfr22        00000
__Hsfr23                    sfr23        00000
__Hsfr24                    sfr24        00000
__Hsfr25                    sfr25        00000
__Hsfr26                    sfr26        00000
__Hsfr27                    sfr27        00000
__Hsfr28                    sfr28        00000
__Hsfr29                    sfr29        00000
__Hsfr3                     sfr3         00000
__Hsfr30                    sfr30        00000
__Hsfr31                    sfr31        00000
__Hsfr4                     sfr4         00000
__Hsfr5                     sfr5         00000
__Hsfr6                     sfr6         00000
__Hsfr7                     sfr7         00000
__Hsfr8                     sfr8         00000
__Hsfr9                     sfr9         00000
__Hsivt                     sivt         0003C
__Hspace_0                  (abs)        010C5
__Hspace_1                  (abs)        00140
__Hspace_2                  (abs)        00000
__Hspace_3                  (abs)        00000
__Hspace_4                  (abs)        10010
__Hstack                    stack        00000
__Hstrings                  strings      00000
__Hstringtext1              stringtext1  00000
__Hstringtext10             stringtext10 00000
__Hstringtext11             stringtext11 00000
__Hstringtext12             stringtext12 00000
__Hstringtext13             stringtext13 00000
__Hstringtext2              stringtext2  00000
__Hstringtext3              stringtext3  00000
__Hstringtext4              stringtext4  00000
__Hstringtext5              stringtext5  00000
__Hstringtext6              stringtext6  00000
__Hstringtext7              stringtext7  00000
__Hstringtext8              stringtext8  00000
__Hstringtext9              stringtext9  00000
__Htext                     text         00000
__L__absolute__             __absolute__ 00000
__Labs1                     abs1         00000
__Lbank0                    bank0        00000
__Lbank1                    bank1        00000
__Lbank10                   bank10       00000
__Lbank11                   bank11       00000
__Lbank12                   bank12       00000
__Lbank13                   bank13       00000
__Lbank14                   bank14       00000
__Lbank15                   bank15       00000
__Lbank16                   bank16       00000
__Lbank17                   bank17       00000
__Lbank18                   bank18       00000
__Lbank19                   bank19       00000
__Lbank2                    bank2        00000
__Lbank20                   bank20       00000
__Lbank21                   bank21       00000
__Lbank22                   bank22       00000
__Lbank23                   bank23       00000
__Lbank24                   bank24       00000
__Lbank25                   bank25       00000
__Lbank26                   bank26       00000
__Lbank27                   bank27       00000
__Lbank28                   bank28       00000
__Lbank29                   bank29       00000
__Lbank3                    bank3        00000
__Lbank30                   bank30       00000
__Lbank31                   bank31       00000
__Lbank4                    bank4        00000
__Lbank5                    bank5        00000
__Lbank6                    bank6        00000
__Lbank7                    bank7        00000
__Lbank8                    bank8        00000
__Lbank9                    bank9        00000
__Lbigram                   bigram       00000
__LbssBANK1                 bssBANK1     00000
__LbssBANK2                 bssBANK2     00000
__Lcinit                    cinit        0003E
__Lclrtext                  clrtext      00000
__Lcode                     code         00000
__Lcommon                   common       00000
__Lconfig                   config       00000
__LcstackBANK0              cstackBANK0  00000
__LcstackBANK1              cstackBANK1  00000
__LcstackCOMMON             cstackCOMMON 00000
__LdataBANK1                dataBANK1    00000
__Leeprom_data              eeprom_data  00000
__Lend_init                 end_init     0003C
__Lfunctab                  functab      00000
__Lheap                     heap         00000
__LidataBANK1               idataBANK1   00000
__Linit                     init         0003C
__Lintentry                 intentry     00004
__Lmaintext                 maintext     00000
__Lpowerup                  powerup      00000
__Lram                      ram          00000
__Lreset_vec                reset_vec    00000
__Lsfr0                     sfr0         00000
__Lsfr1                     sfr1         00000
__Lsfr10                    sfr10        00000
__Lsfr11                    sfr11        00000
__Lsfr12                    sfr12        00000
__Lsfr13                    sfr13        00000
__Lsfr14                    sfr14        00000
__Lsfr15                    sfr15        00000
__Lsfr16                    sfr16        00000
__Lsfr17                    sfr17        00000
__Lsfr18                    sfr18        00000
__Lsfr19                    sfr19        00000
__Lsfr2                     sfr2         00000
__Lsfr20                    sfr20        00000
__Lsfr21                    sfr21        00000
__Lsfr22                    sfr22        00000
__Lsfr23                    sfr23        00000
__Lsfr24                    sfr24        00000
__Lsfr25                    sfr25        00000
__Lsfr26                    sfr26        00000
__Lsfr27                    sfr27        00000
__Lsfr28                    sfr28        00000
__Lsfr29                    sfr29        00000
__Lsfr3                     sfr3         00000
__Lsfr30                    sfr30        00000
__Lsfr31                    sfr31        00000
__Lsfr4                     sfr4         00000
__Lsfr5                     sfr5         00000
__Lsfr6                     sfr6         00000
__Lsfr7                     sfr7         00000
__Lsfr8                     sfr8         00000
__Lsfr9                     sfr9         00000
__Lsivt                     sivt         0003C
__Lspace_0                  (abs)        00000
__Lspace_1                  (abs)        00000
__Lspace_2                  (abs)        00000
__Lspace_3                  (abs)        00000
__Lspace_4                  (abs)        00000
__Lstack                    stack        00000
__Lstrings                  strings      00000
__Lstringtext1              stringtext1  00000
__Lstringtext10             stringtext10 00000
__Lstringtext11             stringtext11 00000
__Lstringtext12             stringtext12 00000
__Lstringtext13             stringtext13 00000
__Lstringtext2              stringtext2  00000
__Lstringtext3              stringtext3  00000
__Lstringtext4              stringtext4  00000
__Lstringtext5              stringtext5  00000
__Lstringtext6              stringtext6  00000
__Lstringtext7              stringtext7  00000
__Lstringtext8              stringtext8  00000
__Lstringtext9              stringtext9  00000
__Ltext                     text         00000
__S0                        (abs)        010C5
__S1                        (abs)        00140
__S3                        (abs)        00000
___awdiv                    text30       005B3
___awdiv@counter            cstackBANK0  00025
___awdiv@dividend           cstackBANK0  00022
___awdiv@divisor            cstackBANK0  00020
___awdiv@quotient           cstackBANK0  00027
___awdiv@sign               cstackBANK0  00026
___awmod                    text29       0066E
___awmod@counter            cstackBANK0  00025
___awmod@dividend           cstackBANK0  00022
___awmod@divisor            cstackBANK0  00020
___awmod@sign               cstackBANK0  00026
___heap_hi                  (abs)        00000
___heap_lo                  (abs)        00000
___int_sp                   stack        00000
___int_stack_hi             stack        00000
___int_stack_lo             stack        00000
___latbits                  (abs)        00003
___lldiv                    text3        00613
___lldiv@counter            cstackBANK0  00039
___lldiv@dividend           cstackBANK0  00030
___lldiv@divisor            cstackBANK0  0002C
___lldiv@quotient           cstackBANK0  00035
___lmul                     text2        00F5A
___lmul@multiplicand        cstackBANK0  00024
___lmul@multiplier          cstackBANK0  00020
___lmul@product             cstackBANK0  00028
___sp                       stack        00000
___stack_hi                 stack        00000
___stack_lo                 stack        00000
___stackhi                  (abs)        00000
___stacklo                  (abs)        00000
___wmul                     text22       00E70
___wmul@multiplicand        cstackBANK0  00022
___wmul@multiplier          cstackBANK0  00020
___wmul@product             cstackBANK0  00024
__end_of___awdiv            text30       00613
__end_of___awmod            text29       006C2
__end_of___lldiv            text3        0066E
__end_of___lmul             text2        00F8E
__end_of___wmul             text22       00E90
__end_of__initialization    cinit        00068
__end_of_abs                text28       00D64
__end_of_addone             text9        00D77
__end_of_charToHexDigit     text10       00DA2
__end_of_clear              text33       007FE
__end_of_do_blank           text15       00476
__end_of_do_init            text13       00EDA
__end_of_do_read            text11       003EB
__end_of_do_write           text5        0035F
__end_of_dtoa               text23       0021B
__end_of_empty              text8        00E31
__end_of_first              text41       00D40
__end_of_fputc              text26       00714
__end_of_fputs              text25       00EB5
__end_of_high_isr           intentry     0003C
__end_of_main               maintext     00553
__end_of_memset             text34       00DF7
__end_of_pad                text24       007A4
__end_of_pop                text7        01000
__end_of_ports_init         text4        00DDA
__end_of_push               text39       007E6
__end_of_putch              text27       00004
__end_of_read_port          text32       00E50
__end_of_read_prec_or_width text21       005B3
__end_of_setCTS             text38       00D27
__end_of_setup_address      text31       00FC5
__end_of_size               text37       00F04
__end_of_sprintf            text17       00E14
__end_of_uart_getc          text36       00E70
__end_of_uart_init          text1        002C8
__end_of_uart_init_brg      text14       00762
__end_of_uart_putc          text12       00D8B
__end_of_uart_puts          text16       00F2E
__end_of_vfpfcnvrt          text19       00169
__end_of_vfprintf           text18       00DBE
__end_of_write_port         text6        00F5A
__end_of_xtoa               text20       004EE
__end_ofi1_addone           text40       00D52
__initialization            cinit        0003E
__pbssBANK1                 bssBANK1     000DB
__pbssBANK2                 bssBANK2     00120
__pbssBIGRAM                (abs)        023F0
__pcstackBANK0              cstackBANK0  00020
__pcstackBANK1              cstackBANK1  000A0
__pcstackCOMMON             cstackCOMMON 00070
__pdataBANK1                dataBANK1    000E8
__pidataBANK1               idataBANK1   007FE
__pintentry                 intentry     00004
__pmaintext                 maintext     004EE
__pstringtext1              stringtext1  01000
__pstringtext10             stringtext10 010B5
__pstringtext11             stringtext11 010BC
__pstringtext12             stringtext12 010C1
__pstringtext13             stringtext13 00000
__pstringtext2              stringtext2  0102A
__pstringtext3              stringtext3  01047
__pstringtext4              stringtext4  01063
__pstringtext5              stringtext5  01077
__pstringtext6              stringtext6  01086
__pstringtext7              stringtext7  01095
__pstringtext8              stringtext8  010A3
__pstringtext9              stringtext9  010AD
__ptext1                    text1        0021B
__ptext10                   text10       00D8B
__ptext11                   text11       0035F
__ptext12                   text12       00D77
__ptext13                   text13       00EB5
__ptext14                   text14       00714
__ptext15                   text15       003EB
__ptext16                   text16       00F04
__ptext17                   text17       00DF7
__ptext18                   text18       00DA2
__ptext19                   text19       0006C
__ptext2                    text2        00F5A
__ptext20                   text20       00476
__ptext21                   text21       00553
__ptext22                   text22       00E70
__ptext23                   text23       00169
__ptext24                   text24       00762
__ptext25                   text25       00E90
__ptext26                   text26       006C2
__ptext27                   text27       00003
__ptext28                   text28       00D52
__ptext29                   text29       0066E
__ptext3                    text3        00613
__ptext30                   text30       005B3
__ptext31                   text31       00F8E
__ptext32                   text32       00E31
__ptext33                   text33       007E6
__ptext34                   text34       00DDA
__ptext36                   text36       00E50
__ptext37                   text37       00EDA
__ptext38                   text38       00D1F
__ptext39                   text39       007A4
__ptext4                    text4        00DBE
__ptext40                   text40       00D40
__ptext41                   text41       00D33
__ptext5                    text5        002C8
__ptext6                    text6        00F2E
__ptext7                    text7        00FC5
__ptext8                    text8        00E14
__ptext9                    text9        00D64
_abs                        text28       00D52
_addone                     text9        00D64
_bytes_popped               bssBANK1     000DF
_bytes_pushed               bssBANK1     000E1
_charToHexDigit             text10       00D8B
_clear                      text33       007E6
_cmd_active                 bssBANK1     000E7
_dbuf                       bssBANK2     00120
_do_blank                   text15       003EB
_do_init                    text13       00EB5
_do_read                    text11       0035F
_do_write                   text5        002C8
_dtoa                       text23       00169
_dtoa$1213                  cstackBANK0  00039
_empty                      text8        00E14
_first                      text41       00D33
_flags                      bssBANK1     000E5
_fputc                      text26       006C2
_fputs                      text25       00E90
_head                       bssBANK1     000E3
_high_isr                   intentry     00004
_main                       maintext     004EE
_memset                     text34       00DDA
_pad                        text24       00762
_pop                        text7        00FC5
_ports_init                 text4        00DBE
_prec                       bssBANK1     000DD
_push                       text39       007A4
_push$1505                  cstackCOMMON 00076
_putch                      text27       00003
_queue                      (abs)        023F0
_read_port                  text32       00E31
_read_prec_or_width         text21       00553
_setCTS                     text38       00D1F
_setup_address              text31       00F8E
_size                       text37       00EDA
_sprintf                    text17       00DF7
_tail                       dataBANK1    000E8
_uart_getc                  text36       00E50
_uart_init                  text1        0021B
_uart_init_brg              text14       00714
_uart_putc                  text12       00D77
_uart_puts                  text16       00F04
_vfpfcnvrt                  text19       0006C
_vfprintf                   text18       00DA2
_width                      bssBANK1     000DB
_write_port                 text6        00F2E
_xtoa                       text20       00476
abs@a                       cstackBANK0  00027
addone@i                    cstackBANK0  00020
btemp                       (abs)        0007E
charToHexDigit@c            cstackBANK0  00020
clear_ram0                  clrtext      00D27
do_blank@addr               cstackBANK1  000C4
do_blank@ads                cstackBANK1  000A0
do_blank@data               cstackBANK1  000C3
do_blank@ok                 cstackBANK1  000C0
do_blank@s                  cstackBANK1  000C1
do_init@rate                cstackBANK1  000A8
do_init@s                   cstackBANK1  000A0
do_read@addr                cstackBANK1  000B4
do_read@ads                 cstackBANK1  000A0
do_read@col                 cstackBANK1  000B3
do_read@data                cstackBANK1  000B2
do_read@s                   cstackBANK1  000B0
do_write@addr               cstackBANK1  000D6
do_write@ads                cstackBANK1  000A0
do_write@c                  cstackBANK1  000D5
do_write@data               cstackBANK1  000D8
do_write@hi                 cstackBANK1  000D3
do_write@lo                 cstackBANK1  000D2
do_write@read               cstackBANK1  000D4
do_write@s                  cstackBANK1  000D0
dtoa@d                      cstackBANK0  00036
dtoa@fp                     cstackBANK0  0003B
dtoa@i                      cstackBANK0  00040
dtoa@p                      cstackBANK0  0003C
dtoa@s                      cstackBANK0  0003F
dtoa@w                      cstackBANK0  0003D
end_of_initialization       cinit        00068
fputc@c                     cstackBANK0  00020
fputc@fp                    cstackBANK0  00022
fputs@c                     cstackBANK0  0002B
fputs@fp                    cstackBANK0  00028
fputs@i                     cstackBANK0  0002C
fputs@s                     cstackBANK0  0002E
high_isr@c                  cstackCOMMON 0007D
high_isr@n                  cstackCOMMON 0007A
high_isr@ok                 cstackCOMMON 0007C
i1_addone                   text40       00D40
i1addone@i                  cstackCOMMON 00070
int$flags                   (abs)        0007E
intlevel0                   functab      00000
intlevel1                   functab      00000
intlevel2                   functab      00000
intlevel3                   functab      00000
intlevel4                   functab      00000
intlevel5                   functab      00000
main@cmd                    cstackBANK0  0006F
memset@c                    cstackBANK0  00022
memset@dest                 cstackBANK0  00020
memset@n                    cstackBANK0  00024
memset@p                    cstackBANK0  00026
pad@buf                     cstackBANK0  0002F
pad@fp                      cstackBANK0  00035
pad@i                       cstackBANK0  00033
pad@p                       cstackBANK0  00030
pop@c                       cstackBANK0  00024
push@c                      cstackCOMMON 00078
read_port@data              cstackBANK0  00020
read_prec_or_width@ap       cstackBANK0  00026
read_prec_or_width@c        cstackBANK0  0002B
read_prec_or_width@fmt      cstackBANK0  0002E
read_prec_or_width@n        cstackBANK0  0002C
reset_vec                   reset_vec    00000
setCTS@b                    cstackCOMMON 00070
setup_address@addr          cstackBANK0  00020
setup_address@hi            cstackBANK0  00024
size@s                      cstackCOMMON 00075
sprintf@ap                  cstackBANK0  0005E
sprintf@f                   cstackBANK0  00060
sprintf@fmt                 cstackBANK0  00057
sprintf@s                   cstackBANK0  0005F
start                       init         0003C
start_initialization        cinit        0003E
uart_getc@c                 cstackCOMMON 00070
uart_getc@ok                cstackCOMMON 00071
uart_init@baud_rate         cstackBANK0  0003A
uart_init@factor            cstackBANK0  00046
uart_init@n                 cstackBANK0  00042
uart_init_brg@rate          cstackBANK0  00027
uart_putc@c                 cstackBANK0  00020
uart_puts@p                 cstackBANK0  00023
uart_puts@s                 cstackBANK0  00020
vfpfcnvrt@ap                cstackBANK0  00043
vfpfcnvrt@convarg           cstackBANK0  00049
vfpfcnvrt@cp                cstackBANK0  0004E
vfpfcnvrt@done              cstackBANK0  00048
vfpfcnvrt@fmt               cstackBANK0  00042
vfpfcnvrt@fp                cstackBANK0  0004D
vfprintf@ap                 cstackBANK0  00052
vfprintf@cfmt               cstackBANK0  00055
vfprintf@fmt                cstackBANK0  00050
vfprintf@fp                 cstackBANK0  00054
write_port@data             cstackBANK0  00022
wtemp0                      (abs)        0007E
xtoa@c                      cstackBANK0  0003D
xtoa@d                      cstackBANK0  00036
xtoa@fp                     cstackBANK0  00039
xtoa@i                      cstackBANK0  0003E
xtoa@p                      cstackBANK0  0003A
xtoa@w                      cstackBANK0  0003B


MODULE INFORMATION

Module		Function		Class		Link	Load	Size
/Applications/microchip/xc8/v2.46/pic/sources/c99/common/Umul32.c
		___lmul        		CODE           	0F5A	0000	52

/Applications/microchip/xc8/v2.46/pic/sources/c99/common/Umul32.c estimated size: 52

uart.c
		_uart_init     		CODE           	021B	0000	173
		_uart_getc     		CODE           	0E50	0000	32
		_uart_init_brg 		CODE           	0714	0000	78
		_uart_putc     		CODE           	0D77	0000	20
		_uart_puts     		CODE           	0F04	0000	42

uart.c estimated size: 345

/Applications/microchip/xc8/v2.46/pic/sources/c99/common/nf_sprintf.c
		_sprintf       		CODE           	0DF7	0000	29

/Applications/microchip/xc8/v2.46/pic/sources/c99/common/nf_sprintf.c estimated size: 29

/Applications/microchip/xc8/v2.46/pic/sources/c99/common/__lldiv.c
		___lldiv       		CODE           	0613	0000	91

/Applications/microchip/xc8/v2.46/pic/sources/c99/common/__lldiv.c estimated size: 91

/Applications/microchip/xc8/v2.46/pic/sources/c99/common/memset.c
		_memset        		CODE           	0DDA	0000	29

/Applications/microchip/xc8/v2.46/pic/sources/c99/common/memset.c estimated size: 29

/Applications/microchip/xc8/v2.46/pic/sources/c99/common/nf_fputc.c
		_fputc         		CODE           	06C2	0000	82

/Applications/microchip/xc8/v2.46/pic/sources/c99/common/nf_fputc.c estimated size: 82

/Applications/microchip/xc8/v2.46/pic/sources/c99/common/abs.c
		_abs           		CODE           	0D52	0000	18

/Applications/microchip/xc8/v2.46/pic/sources/c99/common/abs.c estimated size: 18

/Applications/microchip/xc8/v2.46/pic/sources/c99/common/awmod.c
		___awmod       		CODE           	066E	0000	84

/Applications/microchip/xc8/v2.46/pic/sources/c99/common/awmod.c estimated size: 84

/Applications/microchip/xc8/v2.46/pic/sources/c99/common/doprnt.c
		_read_prec_or_width		CODE           	0553	0000	96
		_vfpfcnvrt     		CODE           	006C	0000	253
		_pad           		CODE           	0762	0000	66
		_dtoa          		CODE           	0169	0000	178
		_vfprintf      		CODE           	0DA2	0000	28
		_xtoa          		CODE           	0476	0000	120

/Applications/microchip/xc8/v2.46/pic/sources/c99/common/doprnt.c estimated size: 741

/Applications/microchip/xc8/v2.46/pic/sources/c99/common/putch.c
		_putch         		CODE           	0003	0000	1

/Applications/microchip/xc8/v2.46/pic/sources/c99/common/putch.c estimated size: 1

shared
		__initialization		CODE           	003E	0000	42
		i1_addone      		CODE           	0D40	0000	18

shared estimated size: 60

/Applications/microchip/xc8/v2.46/pic/sources/c99/common/Umul16.c
		___wmul        		CODE           	0E70	0000	32

/Applications/microchip/xc8/v2.46/pic/sources/c99/common/Umul16.c estimated size: 32

/Applications/microchip/xc8/v2.46/pic/sources/c99/common/awdiv.c
		___awdiv       		CODE           	05B3	0000	96

/Applications/microchip/xc8/v2.46/pic/sources/c99/common/awdiv.c estimated size: 96

main.c
		_empty         		CODE           	0E14	0000	29
		_first         		CODE           	0D33	0000	13
		_setCTS        		CODE           	0D1F	0000	8
		_ports_init    		CODE           	0DBE	0000	28
		_main          		CODE           	04EE	0000	101
		_setup_address 		CODE           	0F8E	0000	55
		_do_write      		CODE           	02C8	0000	151
		_high_isr      		CODE           	0004	0000	56
		_write_port    		CODE           	0F2E	0000	44
		_pop           		CODE           	0FC5	0000	59
		_read_port     		CODE           	0E31	0000	31
		_do_init       		CODE           	0EB5	0000	37
		_size          		CODE           	0EDA	0000	42
		_do_blank      		CODE           	03EB	0000	139
		_push          		CODE           	07A4	0000	66
		_clear         		CODE           	07E6	0000	24
		_addone        		CODE           	0D64	0000	19
		_charToHexDigit		CODE           	0D8B	0000	23
		_do_read       		CODE           	035F	0000	140

main.c estimated size: 1065

/Applications/microchip/xc8/v2.46/pic/sources/c99/common/nf_fputs.c
		_fputs         		CODE           	0E90	0000	37

/Applications/microchip/xc8/v2.46/pic/sources/c99/common/nf_fputs.c estimated size: 37

