Microchip MPLAB XC8 Compiler V2.46

Linker command line:

-W-3 --edf=/Applications/microchip/xc8/v2.46/pic/dat/20240104201356_en.msgs \
  -cn -h+dist/default/production/2716prg.X.production.sym \
  --cmf=dist/default/production/2716prg.X.production.cmf -z -Q16F1789 \
  -o/tmp/xcBnLQvpT/driver_tmp_3.o --defsym=__MPLAB_BUILD=1 \
  --fixupoverflow=error -Mdist/default/production/2716prg.X.production.map \
  --md=/tmp/xcBnLQvpT/driver_tmp_0.dat -E1 -ver=XC8 Compiler --acfsm=1493 \
  -ACODE=00h-07FFhx8 -ASTRCODE=00h-03FFFh -ASTRING=00h-0FFhx64 \
  -ACONST=00h-0FFhx64 -AENTRY=00h-0FFhx64 -ACOMMON=070h-07Fh \
  -ABANK0=020h-06Fh -ABANK1=0A0h-0EFh -ABANK2=0120h-016Fh \
  -ABANK3=01A0h-01EFh -ABANK4=0220h-026Fh -ABANK5=02A0h-02EFh \
  -ABANK6=0320h-036Fh -ABANK7=03A0h-03EFh -ABANK8=0420h-046Fh \
  -ABANK9=04A0h-04EFh -ABANK10=0520h-056Fh -ABANK11=05A0h-05EFh \
  -ABANK12=0620h-066Fh -ABANK13=06A0h-06EFh -ABANK14=0720h-076Fh \
  -ABANK15=07A0h-07EFh -ABANK16=0820h-086Fh -ABANK17=08A0h-08EFh \
  -ABANK18=0920h-096Fh -ABANK19=09A0h-09EFh -ABANK20=0A20h-0A6Fh \
  -ABANK21=0AA0h-0AEFh -ABANK22=0B20h-0B6Fh -ABANK23=0BA0h-0BEFh \
  -ABANK24=0C20h-0C6Fh -ABANK25=0CA0h-0CBFh -ABIGRAM=02000h-027EFh \
  -ARAM=020h-06Fh,0A0h-0EFh,0120h-016Fh,01A0h-01EFh,0220h-026Fh,02A0h-02EFh,0320h-036Fh,03A0h-03EFh,0420h-046Fh,04A0h-04EFh,0520h-056Fh,05A0h-05EFh,0620h-066Fh,06A0h-06EFh,0720h-076Fh,07A0h-07EFh,0820h-086Fh,08A0h-08EFh,0920h-096Fh,09A0h-09EFh,0A20h-0A6Fh,0AA0h-0AEFh,0B20h-0B6Fh,0BA0h-0BEFh,0C20h-0C6Fh,0CA0h-0CBFh \
  -AABS1=020h-07Fh,0A0h-0EFh,0120h-016Fh,01A0h-01EFh,0220h-026Fh,02A0h-02EFh,0320h-036Fh,03A0h-03EFh,0420h-046Fh,04A0h-04EFh,0520h-056Fh,05A0h-05EFh,0620h-066Fh,06A0h-06EFh,0720h-076Fh,07A0h-07EFh,0820h-086Fh,08A0h-08EFh,0920h-096Fh,09A0h-09EFh,0A20h-0A6Fh,0AA0h-0AEFh,0B20h-0B6Fh,0BA0h-0BEFh,0C20h-0C6Fh,0CA0h-0CBFh \
  -ASFR0=00h-01Fh -ASFR1=080h-09Fh -ASFR2=0100h-011Fh -ASFR3=0180h-019Fh \
  -ASFR4=0200h-021Fh -ASFR5=0280h-029Fh -ASFR6=0300h-031Fh \
  -ASFR7=0380h-039Fh -ASFR8=0400h-041Fh -ASFR9=0480h-049Fh \
  -ASFR10=0500h-051Fh -ASFR11=0580h-059Fh -ASFR12=0600h-061Fh \
  -ASFR13=0680h-069Fh -ASFR14=0700h-071Fh -ASFR15=0780h-079Fh \
  -ASFR16=0800h-081Fh -ASFR17=0880h-089Fh -ASFR18=0900h-091Fh \
  -ASFR19=0980h-099Fh -ASFR20=0A00h-0A1Fh -ASFR21=0A80h-0A9Fh \
  -ASFR22=0B00h-0B1Fh -ASFR23=0B80h-0B9Fh -ASFR24=0C00h-0C1Fh \
  -ASFR25=0C80h-0C9Fh -ASFR26=0D00h-0D6Fh -ASFR27=0D80h-0DEFh \
  -ASFR28=0E00h-0E6Fh -ASFR29=0E80h-0EEFh -ASFR30=0F00h-0F6Fh \
  -ASFR31=0F80h-0FEFh -ACONFIG=08007h-08008h -DCONFIG=2 \
  -AIDLOC=08000h-08003h -DIDLOC=2 -AEEDATA=00h-0FFh/0F000h \
  -peeprom_data=EEDATA -DEEDATA=2 -DCODE=2 -DSTRCODE=2 -DSTRING=2 -DCONST=2 \
  -DENTRY=2 -preset_vec=00h,intentry=04h,sivt,init,end_init -ppowerup=CODE \
  -pcinit=CODE -pfunctab=ENTRY -k /tmp/xcBnLQvpT/driver_tmp_20.o \
  dist/default/production/2716prg.X.production.o 

Object code version is 3.11

Machine type is 16F1789



                Name                               Link     Load   Length Selector   Space Scale
/tmp/xcBnLQvpT/driver_tmp_20.o
                end_init                             40       40        2        8       0
                reset_vec                             0        0        2        0       0
                config                             8007     8007        2        0       4
dist/default/production/2716prg.X.production.o
                cinit                                42       42       30        8       0
                intentry                              4        4       3C        8       0
                config                             8007     8007        2        0       4
                text41                              D51      D51        C     1AA2       0
                text40                              D49      D49        8     1A92       0
                text39                              D8A      D8A       12     1B14       0
                text38                              3CF      3CF       80        8       0
                text37                              F8C      F8C       35     1F18       0
                text36                              E7D      E7D       20     1CFA       0
                text34                              E24      E24       1D     1C48       0
                text33                              DEF      DEF       19     1BDE       0
                text32                              D79      D79       11     1AF2       0
                text31                              D69      D69       10     1AD2       0
                text30                              5F0      5F0       60        8       0
                text29                              6AB      6AB       54        8       0
                text28                              D9C      D9C       12     1B38       0
                text27                              D48      D48        1     1A90       0
                text26                              6FF      6FF       52        8       0
                text25                              EBD      EBD       25     1D7A       0
                text24                              FC1      FC1       3F     1F82       0
                text23                              216      216       AD        8       0
                text22                              E9D      E9D       20     1D3A       0
                text21                              590      590       60        8       0
                text20                              44F      44F       73        8       0
                text19                               72       72       F7        8       0
                text18                              E08      E08       1C     1C10       0
                text17                              E5E      E5E       1F     1CBC       0
                text16                              F2E      F2E       2A     1E5C       0
                text15                              2C3      2C3       87        8       0
                text14                              751      751       4E        8       0
                text13                              EE2      EE2       25     1DC4       0
                text12                              7EC      7EC       14        8       0
                text11                              34A      34A       85        8       0
                text10                              DC1      DC1       17     1B82       0
                text9                               DAE      DAE       13     1B5C       0
                text8                               DD8      DD8       17     1BB0       0
                text7                               79F      79F       4D        8       0
                text6                               E41      E41       1D     1C82       0
                text5                               530      530       60        8       0
                text4                               F07      F07       27     1E0E       0
                text3                               650      650       5B        8       0
                text2                               F58      F58       34     1EB0       0
                text1                               169      169       AD        8       0
                maintext                            4C2      4C2       6E        8       0
                cstackBANK0                          20       20       43       20       1
                cstackCOMMON                         70       70        C       70       1
                cstackBANK1                          A0       A0       31       A0       1
                clrtext                             D5D      D5D        C     1ABA       0
                bssBANK2                            120      120       20      120       1
                bssBANK1                             D1       D1        8       A0       1
                dataBANK0                            66       66        2       20       1
                bssBANK0                             63       63        3       20       1
                bssCOMMON                            7C       7C        2       70       1
                stringtext12                       107D     107D        3     2000       0
                stringtext11                       1079     1079        4     2000       0
                stringtext10                       1074     1074        5     2000       0
                stringtext9                        106F     106F        5     2000       0
                stringtext8                        1068     1068        7     2000       0
                stringtext7                        1060     1060        8     2000       0
                stringtext6                        1056     1056        A     2000       0
                stringtext5                        1049     1049        D     2000       0
                stringtext4                        103B     103B        E     2000       0
                stringtext3                        102C     102C        F     2000       0
                stringtext2                        101D     101D        F     2000       0
                stringtext1                        1000     1000       1D     2000       0
                idataBANK0                            2        2        2        0       0

TOTAL           Name                               Link     Load   Length     Space
        CLASS   CODE           
                end_init                             40       40        2         0
                cinit                                42       42       30         0
                intentry                              4        4       3C         0
                reset_vec                             0        0        2         0
                text41                              D51      D51        C         0
                text40                              D49      D49        8         0
                text39                              D8A      D8A       12         0
                text38                              3CF      3CF       80         0
                text37                              F8C      F8C       35         0
                text36                              E7D      E7D       20         0
                text34                              E24      E24       1D         0
                text33                              DEF      DEF       19         0
                text32                              D79      D79       11         0
                text31                              D69      D69       10         0
                text30                              5F0      5F0       60         0
                text29                              6AB      6AB       54         0
                text28                              D9C      D9C       12         0
                text27                              D48      D48        1         0
                text26                              6FF      6FF       52         0
                text25                              EBD      EBD       25         0
                text24                              FC1      FC1       3F         0
                text23                              216      216       AD         0
                text22                              E9D      E9D       20         0
                text21                              590      590       60         0
                text20                              44F      44F       73         0
                text19                               72       72       F7         0
                text18                              E08      E08       1C         0
                text17                              E5E      E5E       1F         0
                text16                              F2E      F2E       2A         0
                text15                              2C3      2C3       87         0
                text14                              751      751       4E         0
                text13                              EE2      EE2       25         0
                text12                              7EC      7EC       14         0
                text11                              34A      34A       85         0
                text10                              DC1      DC1       17         0
                text9                               DAE      DAE       13         0
                text8                               DD8      DD8       17         0
                text7                               79F      79F       4D         0
                text6                               E41      E41       1D         0
                text5                               530      530       60         0
                text4                               F07      F07       27         0
                text3                               650      650       5B         0
                text2                               F58      F58       34         0
                text1                               169      169       AD         0
                maintext                            4C2      4C2       6E         0
                clrtext                             D5D      D5D        C         0
                idataBANK0                            2        2        2         0

        CLASS   STRCODE        
                stringtext12                       107D     107D        3         0
                stringtext11                       1079     1079        4         0
                stringtext10                       1074     1074        5         0
                stringtext9                        106F     106F        5         0
                stringtext8                        1068     1068        7         0
                stringtext7                        1060     1060        8         0
                stringtext6                        1056     1056        A         0
                stringtext5                        1049     1049        D         0
                stringtext4                        103B     103B        E         0
                stringtext3                        102C     102C        F         0
                stringtext2                        101D     101D        F         0
                stringtext1                        1000     1000       1D         0

        CLASS   STRING         

        CLASS   CONST          

        CLASS   ENTRY          

        CLASS   COMMON         
                cstackCOMMON                         70       70        C         1
                bssCOMMON                            7C       7C        2         1

        CLASS   BANK0          
                cstackBANK0                          20       20       43         1
                dataBANK0                            66       66        2         1
                bssBANK0                             63       63        3         1

        CLASS   BANK1          
                cstackBANK1                          A0       A0       31         1
                bssBANK1                             D1       D1        8         1

        CLASS   BANK2          
                bssBANK2                            120      120       20         1

        CLASS   BANK3          

        CLASS   BANK4          

        CLASS   BANK5          

        CLASS   BANK6          

        CLASS   BANK7          

        CLASS   BANK8          

        CLASS   BANK9          

        CLASS   BANK10         

        CLASS   BANK11         

        CLASS   BANK12         

        CLASS   BANK13         

        CLASS   BANK14         

        CLASS   BANK15         

        CLASS   BANK16         

        CLASS   BANK17         

        CLASS   BANK18         

        CLASS   BANK19         

        CLASS   BANK20         

        CLASS   BANK21         

        CLASS   BANK22         

        CLASS   BANK23         

        CLASS   BANK24         

        CLASS   BANK25         

        CLASS   BIGRAM         

        CLASS   RAM            

        CLASS   ABS1           
                abs_s1                               7E       7E        2         1
                abs_s1                              650      650       20         1
                abs_s1                              6A0      6A0       50         1
                abs_s1                              720      720       50         1
                abs_s1                              7A0      7A0       50         1
                abs_s1                              820      820       50         1
                abs_s1                              8A0      8A0       50         1
                abs_s1                              920      920       50         1
                abs_s1                              9A0      9A0       50         1
                abs_s1                              A20      A20       50         1
                abs_s1                              AA0      AA0       50         1
                abs_s1                              B20      B20       50         1
                abs_s1                              BA0      BA0       50         1
                abs_s1                              C20      C20       50         1
                abs_s1                              CA0      CA0       20         1
                abs_s1                             23F0     23F0        0         1

        CLASS   SFR0           

        CLASS   SFR1           

        CLASS   SFR2           

        CLASS   SFR3           

        CLASS   SFR4           

        CLASS   SFR5           

        CLASS   SFR6           

        CLASS   SFR7           

        CLASS   SFR8           

        CLASS   SFR9           

        CLASS   SFR10          

        CLASS   SFR11          

        CLASS   SFR12          

        CLASS   SFR13          

        CLASS   SFR14          

        CLASS   SFR15          

        CLASS   SFR16          

        CLASS   SFR17          

        CLASS   SFR18          

        CLASS   SFR19          

        CLASS   SFR20          

        CLASS   SFR21          

        CLASS   SFR22          

        CLASS   SFR23          

        CLASS   SFR24          

        CLASS   SFR25          

        CLASS   SFR26          

        CLASS   SFR27          

        CLASS   SFR28          

        CLASS   SFR29          

        CLASS   SFR30          

        CLASS   SFR31          

        CLASS   CONFIG         
                config                             8007     8007        2         4

        CLASS   IDLOC          

        CLASS   EEDATA         

        CLASS   BANK31         

        CLASS   BANK30         

        CLASS   BANK29         

        CLASS   BANK28         

        CLASS   BANK27         

        CLASS   BANK26         

        CLASS   HEAP           

        CLASS   STACK          



SEGMENTS        Name                           Load    Length   Top    Selector   Space  Class     Delta

                text32                         000D79  000011  000D8A      1AF2       0  CODE        2
                text39                         000D8A  000012  000D9C      1B14       0  CODE        2
                text9                          000DAE  000013  000DC1      1B5C       0  CODE        2
                text28                         000D9C  000012  000DAE      1B38       0  CODE        2
                text31                         000D69  000010  000D79      1AD2       0  CODE        2
                clrtext                        000D5D  00000C  000D69      1ABA       0  CODE        2
                text13                         000EE2  000025  000F07      1DC4       0  CODE        2
                text4                          000F07  000027  000F2E      1E0E       0  CODE        2
                text22                         000E9D  000020  000EBD      1D3A       0  CODE        2
                text25                         000EBD  000025  000EE2      1D7A       0  CODE        2
                text37                         000F8C  000035  000FC1      1F18       0  CODE        2
                text24                         000FC1  00003F  001000      1F82       0  CODE        2
                text16                         000F2E  00002A  000F58      1E5C       0  CODE        2
                text2                          000F58  000034  000F8C      1EB0       0  CODE        2
                text36                         000E7D  000020  000E9D      1CFA       0  CODE        2
                text33                         000DEF  000019  000E08      1BDE       0  CODE        2
                text18                         000E08  00001C  000E24      1C10       0  CODE        2
                text10                         000DC1  000017  000DD8      1B82       0  CODE        2
                text8                          000DD8  000017  000DEF      1BB0       0  CODE        2
                stringtext1                    001000  000080  001080      2000       0  STRCODE     2
                text17                         000E5E  00001F  000E7D      1CBC       0  CODE        2
                text34                         000E24  00001D  000E41      1C48       0  CODE        2
                text6                          000E41  00001D  000E5E      1C82       0  CODE        2
                text41                         000D51  00000C  000D5D      1AA2       0  CODE        2
                reset_vec                      000000  000004  000004         0       0  CODE        2
                text27                         000D48  000001  000D49      1A90       0  CODE        2
                text40                         000D49  000008  000D51      1A92       0  CODE        2
                bssBANK2                       000120  000020  000140       120       1  BANK2       1
                cstackBANK1                    0000A0  000039  0000D9        A0       1  BANK1       1
                intentry                       000004  0007FC  000800         8       0  CODE        2
                cstackCOMMON                   000070  00000E  00007E        70       1  COMMON      1
                cstackBANK0                    000020  000048  000068        20       1  BANK0       1


UNUSED ADDRESS RANGES

        Name                Unused          Largest block    Delta
        BANK0            00068-0006F               8           1
        BANK1            000D9-000EF              17           1
        BANK10           00520-0056F              50           1
        BANK11           005A0-005EF              50           1
        BANK12           00620-0064F              30           1
        BANK2            00140-0016F              30           1
        BANK3            001A0-001EF              50           1
        BANK4            00220-0026F              50           1
        BANK5            002A0-002EF              50           1
        BANK6            00320-0036F              50           1
        BANK7            003A0-003EF              50           1
        BANK8            00420-0046F              50           1
        BANK9            004A0-004EF              50           1
        BIGRAM           02000-027EF             7F0           1
        CODE             00800-00D47             548           2
                         01080-03FFF             800
        CONST            00800-00D47             100           2
                         01080-03FFF             100
        EEDATA           0F000-0F0FF             100           2
        ENTRY            00800-00D47             100           2
                         01080-03FFF             100
        IDLOC            08000-08003               4           2
        RAM              00068-0006F               8           1
                         000D9-000EF              17
                         00140-0016F              30
                         001A0-001EF              50
                         00220-0026F              50
                         002A0-002EF              50
                         00320-0036F              50
                         003A0-003EF              50
                         00420-0046F              50
                         004A0-004EF              50
                         00520-0056F              50
                         005A0-005EF              50
                         00620-0064F              30
        SFR0             00000-0001F              20           1
        SFR1             00080-0009F              20           1
        SFR10            00500-0051F              20           1
        SFR11            00580-0059F              20           1
        SFR12            00600-0061F              20           1
        SFR13            00680-0069F              20           1
        SFR14            00700-0071F              20           1
        SFR15            00780-0079F              20           1
        SFR16            00800-0081F              20           1
        SFR17            00880-0089F              20           1
        SFR18            00900-0091F              20           1
        SFR19            00980-0099F              20           1
        SFR2             00100-0011F              20           1
        SFR20            00A00-00A1F              20           1
        SFR21            00A80-00A9F              20           1
        SFR22            00B00-00B1F              20           1
        SFR23            00B80-00B9F              20           1
        SFR24            00C00-00C1F              20           1
        SFR25            00C80-00C9F              20           1
        SFR26            00D00-00D6F              70           1
        SFR27            00D80-00DEF              70           1
        SFR28            00E00-00E6F              70           1
        SFR29            00E80-00EEF              70           1
        SFR3             00180-0019F              20           1
        SFR30            00F00-00F6F              70           1
        SFR31            00F80-00FEF              70           1
        SFR4             00200-0021F              20           1
        SFR5             00280-0029F              20           1
        SFR6             00300-0031F              20           1
        SFR7             00380-0039F              20           1
        SFR8             00400-0041F              20           1
        SFR9             00480-0049F              20           1
        STRCODE          00800-00D47             548           2
                         01080-03FFF            2F80
        STRING           00800-00D47             100           2
                         01080-03FFF             100

                                  Symbol Table

?___awdiv                   cstackBANK0  00024
?___awmod                   cstackBANK0  00024
?___lldiv                   cstackBANK0  00030
?___lmul                    cstackBANK0  00024
?___wmul                    cstackBANK0  00024
?_abs                       cstackBANK0  0002B
?_addone                    cstackBANK0  00024
?_read_prec_or_width        cstackBANK0  0002A
?_size                      cstackCOMMON 00072
?_sprintf                   cstackBANK0  0005B
?_uart_init_brg             cstackBANK0  00024
?_vfprintf                  cstackBANK0  00054
?i1_addone                  cstackCOMMON 00070
_ADCON0bits                 (abs)        0009D
_ANSELA                     (abs)        0018C
_ANSELB                     (abs)        0018D
_ANSELC                     (abs)        0018E
_ANSELD                     (abs)        0018F
_ANSELE                     (abs)        00190
_BAUDCONbits                (abs)        0019F
_INTCONbits                 (abs)        0000B
_LATA                       (abs)        0010C
_LATB                       (abs)        0010D
_LATCbits                   (abs)        0010E
_LATD                       (abs)        0010F
_PIE1bits                   (abs)        00091
_PIR1bits                   (abs)        00011
_PORTAbits                  (abs)        0000C
_PORTCbits                  (abs)        0000E
_PORTD                      (abs)        0000F
_RCREG                      (abs)        00199
_RCSTAbits                  (abs)        0019D
_SPBRG                      (abs)        0019B
_SPBRGH                     (abs)        0019C
_TRISAbits                  (abs)        0008C
_TRISB                      (abs)        0008D
_TRISCbits                  (abs)        0008E
_TRISD                      (abs)        0008F
_TRISE                      (abs)        00090
_TXREG                      (abs)        0019A
_TXSTAbits                  (abs)        0019E
__H__absolute__             __absolute__ 00000
__Habs1                     abs1         00000
__Hbank0                    bank0        00000
__Hbank1                    bank1        00000
__Hbank10                   bank10       00000
__Hbank11                   bank11       00000
__Hbank12                   bank12       00000
__Hbank13                   bank13       00000
__Hbank14                   bank14       00000
__Hbank15                   bank15       00000
__Hbank16                   bank16       00000
__Hbank17                   bank17       00000
__Hbank18                   bank18       00000
__Hbank19                   bank19       00000
__Hbank2                    bank2        00000
__Hbank20                   bank20       00000
__Hbank21                   bank21       00000
__Hbank22                   bank22       00000
__Hbank23                   bank23       00000
__Hbank24                   bank24       00000
__Hbank25                   bank25       00000
__Hbank26                   bank26       00000
__Hbank27                   bank27       00000
__Hbank28                   bank28       00000
__Hbank29                   bank29       00000
__Hbank3                    bank3        00000
__Hbank30                   bank30       00000
__Hbank31                   bank31       00000
__Hbank4                    bank4        00000
__Hbank5                    bank5        00000
__Hbank6                    bank6        00000
__Hbank7                    bank7        00000
__Hbank8                    bank8        00000
__Hbank9                    bank9        00000
__Hbigram                   bigram       00000
__HbssBANK0                 bssBANK0     00000
__HbssBANK1                 bssBANK1     00000
__HbssBANK2                 bssBANK2     00000
__HbssCOMMON                bssCOMMON    00000
__Hcinit                    cinit        00072
__Hclrtext                  clrtext      00000
__Hcode                     code         00000
__Hcommon                   common       00000
__Hconfig                   config       08009
__HcstackBANK0              cstackBANK0  00000
__HcstackBANK1              cstackBANK1  00000
__HcstackCOMMON             cstackCOMMON 00000
__HdataBANK0                dataBANK0    00000
__Heeprom_data              eeprom_data  00000
__Hend_init                 end_init     00042
__Hfunctab                  functab      00000
__Hheap                     heap         00000
__HidataBANK0               idataBANK0   00000
__Hinit                     init         00040
__Hintentry                 intentry     00040
__Hmaintext                 maintext     00000
__Hpowerup                  powerup      00000
__Hram                      ram          00000
__Hreset_vec                reset_vec    00002
__Hsfr0                     sfr0         00000
__Hsfr1                     sfr1         00000
__Hsfr10                    sfr10        00000
__Hsfr11                    sfr11        00000
__Hsfr12                    sfr12        00000
__Hsfr13                    sfr13        00000
__Hsfr14                    sfr14        00000
__Hsfr15                    sfr15        00000
__Hsfr16                    sfr16        00000
__Hsfr17                    sfr17        00000
__Hsfr18                    sfr18        00000
__Hsfr19                    sfr19        00000
__Hsfr2                     sfr2         00000
__Hsfr20                    sfr20        00000
__Hsfr21                    sfr21        00000
__Hsfr22                    sfr22        00000
__Hsfr23                    sfr23        00000
__Hsfr24                    sfr24        00000
__Hsfr25                    sfr25        00000
__Hsfr26                    sfr26        00000
__Hsfr27                    sfr27        00000
__Hsfr28                    sfr28        00000
__Hsfr29                    sfr29        00000
__Hsfr3                     sfr3         00000
__Hsfr30                    sfr30        00000
__Hsfr31                    sfr31        00000
__Hsfr4                     sfr4         00000
__Hsfr5                     sfr5         00000
__Hsfr6                     sfr6         00000
__Hsfr7                     sfr7         00000
__Hsfr8                     sfr8         00000
__Hsfr9                     sfr9         00000
__Hsivt                     sivt         00040
__Hspace_0                  (abs)        01080
__Hspace_1                  (abs)        00140
__Hspace_2                  (abs)        00000
__Hspace_3                  (abs)        00000
__Hspace_4                  (abs)        10010
__Hstack                    stack        00000
__Hstrings                  strings      00000
__Hstringtext1              stringtext1  00000
__Hstringtext10             stringtext10 00000
__Hstringtext11             stringtext11 00000
__Hstringtext12             stringtext12 00000
__Hstringtext13             stringtext13 00000
__Hstringtext2              stringtext2  00000
__Hstringtext3              stringtext3  00000
__Hstringtext4              stringtext4  00000
__Hstringtext5              stringtext5  00000
__Hstringtext6              stringtext6  00000
__Hstringtext7              stringtext7  00000
__Hstringtext8              stringtext8  00000
__Hstringtext9              stringtext9  00000
__Htext                     text         00000
__L__absolute__             __absolute__ 00000
__Labs1                     abs1         00000
__Lbank0                    bank0        00000
__Lbank1                    bank1        00000
__Lbank10                   bank10       00000
__Lbank11                   bank11       00000
__Lbank12                   bank12       00000
__Lbank13                   bank13       00000
__Lbank14                   bank14       00000
__Lbank15                   bank15       00000
__Lbank16                   bank16       00000
__Lbank17                   bank17       00000
__Lbank18                   bank18       00000
__Lbank19                   bank19       00000
__Lbank2                    bank2        00000
__Lbank20                   bank20       00000
__Lbank21                   bank21       00000
__Lbank22                   bank22       00000
__Lbank23                   bank23       00000
__Lbank24                   bank24       00000
__Lbank25                   bank25       00000
__Lbank26                   bank26       00000
__Lbank27                   bank27       00000
__Lbank28                   bank28       00000
__Lbank29                   bank29       00000
__Lbank3                    bank3        00000
__Lbank30                   bank30       00000
__Lbank31                   bank31       00000
__Lbank4                    bank4        00000
__Lbank5                    bank5        00000
__Lbank6                    bank6        00000
__Lbank7                    bank7        00000
__Lbank8                    bank8        00000
__Lbank9                    bank9        00000
__Lbigram                   bigram       00000
__LbssBANK0                 bssBANK0     00000
__LbssBANK1                 bssBANK1     00000
__LbssBANK2                 bssBANK2     00000
__LbssCOMMON                bssCOMMON    00000
__Lcinit                    cinit        00042
__Lclrtext                  clrtext      00000
__Lcode                     code         00000
__Lcommon                   common       00000
__Lconfig                   config       00000
__LcstackBANK0              cstackBANK0  00000
__LcstackBANK1              cstackBANK1  00000
__LcstackCOMMON             cstackCOMMON 00000
__LdataBANK0                dataBANK0    00000
__Leeprom_data              eeprom_data  00000
__Lend_init                 end_init     00040
__Lfunctab                  functab      00000
__Lheap                     heap         00000
__LidataBANK0               idataBANK0   00000
__Linit                     init         00040
__Lintentry                 intentry     00004
__Lmaintext                 maintext     00000
__Lpowerup                  powerup      00000
__Lram                      ram          00000
__Lreset_vec                reset_vec    00000
__Lsfr0                     sfr0         00000
__Lsfr1                     sfr1         00000
__Lsfr10                    sfr10        00000
__Lsfr11                    sfr11        00000
__Lsfr12                    sfr12        00000
__Lsfr13                    sfr13        00000
__Lsfr14                    sfr14        00000
__Lsfr15                    sfr15        00000
__Lsfr16                    sfr16        00000
__Lsfr17                    sfr17        00000
__Lsfr18                    sfr18        00000
__Lsfr19                    sfr19        00000
__Lsfr2                     sfr2         00000
__Lsfr20                    sfr20        00000
__Lsfr21                    sfr21        00000
__Lsfr22                    sfr22        00000
__Lsfr23                    sfr23        00000
__Lsfr24                    sfr24        00000
__Lsfr25                    sfr25        00000
__Lsfr26                    sfr26        00000
__Lsfr27                    sfr27        00000
__Lsfr28                    sfr28        00000
__Lsfr29                    sfr29        00000
__Lsfr3                     sfr3         00000
__Lsfr30                    sfr30        00000
__Lsfr31                    sfr31        00000
__Lsfr4                     sfr4         00000
__Lsfr5                     sfr5         00000
__Lsfr6                     sfr6         00000
__Lsfr7                     sfr7         00000
__Lsfr8                     sfr8         00000
__Lsfr9                     sfr9         00000
__Lsivt                     sivt         00040
__Lspace_0                  (abs)        00000
__Lspace_1                  (abs)        00000
__Lspace_2                  (abs)        00000
__Lspace_3                  (abs)        00000
__Lspace_4                  (abs)        00000
__Lstack                    stack        00000
__Lstrings                  strings      00000
__Lstringtext1              stringtext1  00000
__Lstringtext10             stringtext10 00000
__Lstringtext11             stringtext11 00000
__Lstringtext12             stringtext12 00000
__Lstringtext13             stringtext13 00000
__Lstringtext2              stringtext2  00000
__Lstringtext3              stringtext3  00000
__Lstringtext4              stringtext4  00000
__Lstringtext5              stringtext5  00000
__Lstringtext6              stringtext6  00000
__Lstringtext7              stringtext7  00000
__Lstringtext8              stringtext8  00000
__Lstringtext9              stringtext9  00000
__Ltext                     text         00000
__S0                        (abs)        01080
__S1                        (abs)        00140
__S3                        (abs)        00000
___awdiv                    text30       005F0
___awdiv@counter            cstackBANK0  00029
___awdiv@dividend           cstackBANK0  00026
___awdiv@divisor            cstackBANK0  00024
___awdiv@quotient           cstackBANK0  0002B
___awdiv@sign               cstackBANK0  0002A
___awmod                    text29       006AB
___awmod@counter            cstackBANK0  00029
___awmod@dividend           cstackBANK0  00026
___awmod@divisor            cstackBANK0  00024
___awmod@sign               cstackBANK0  0002A
___heap_hi                  (abs)        00000
___heap_lo                  (abs)        00000
___int_sp                   stack        00000
___int_stack_hi             stack        00000
___int_stack_lo             stack        00000
___latbits                  (abs)        00003
___lldiv                    text3        00650
___lldiv@counter            cstackBANK0  0003D
___lldiv@dividend           cstackBANK0  00034
___lldiv@divisor            cstackBANK0  00030
___lldiv@quotient           cstackBANK0  00039
___lmul                     text2        00F58
___lmul@multiplicand        cstackBANK0  00028
___lmul@multiplier          cstackBANK0  00024
___lmul@product             cstackBANK0  0002C
___sp                       stack        00000
___stack_hi                 stack        00000
___stack_lo                 stack        00000
___stackhi                  (abs)        00000
___stacklo                  (abs)        00000
___wmul                     text22       00E9D
___wmul@multiplicand        cstackBANK0  00026
___wmul@multiplier          cstackBANK0  00024
___wmul@product             cstackBANK0  00028
__end_of___awdiv            text30       00650
__end_of___awmod            text29       006FF
__end_of___lldiv            text3        006AB
__end_of___lmul             text2        00F8C
__end_of___wmul             text22       00EBD
__end_of__initialization    cinit        0006E
__end_of_abs                text28       00DAE
__end_of_addone             text9        00DC1
__end_of_charToHexDigit     text10       00DD8
__end_of_clear              text33       00E08
__end_of_do_blank           text15       0034A
__end_of_do_init            text13       00F07
__end_of_do_read            text11       003CF
__end_of_do_write           text5        00590
__end_of_dtoa               text23       002C3
__end_of_empty              text8        00DEF
__end_of_first              text41       00D5D
__end_of_fputc              text26       00751
__end_of_fputs              text25       00EE2
__end_of_isr                intentry     00040
__end_of_main               maintext     00530
__end_of_memset             text34       00E41
__end_of_pad                text24       01000
__end_of_pop                text7        007EC
__end_of_ports_init         text4        00F2E
__end_of_push               text38       0044F
__end_of_putch              text27       00D49
__end_of_read_port          text32       00D8A
__end_of_read_prec_or_width text21       005F0
__end_of_setCTS             text40       00D51
__end_of_setup_address      text31       00D79
__end_of_size               text37       00FC1
__end_of_sprintf            text17       00E7D
__end_of_uart_getc          text36       00E9D
__end_of_uart_init          text1        00216
__end_of_uart_init_brg      text14       0079F
__end_of_uart_putc          text12       00800
__end_of_uart_puts          text16       00F58
__end_of_vfpfcnvrt          text19       00169
__end_of_vfprintf           text18       00E24
__end_of_write_port         text6        00E5E
__end_of_xtoa               text20       004C2
__end_ofi1_addone           text39       00D9C
__initialization            cinit        00042
__pbssBANK0                 bssBANK0     00063
__pbssBANK1                 bssBANK1     000D1
__pbssBANK2                 bssBANK2     00120
__pbssBIGRAM                (abs)        023F0
__pbssCOMMON                bssCOMMON    0007C
__pcstackBANK0              cstackBANK0  00020
__pcstackBANK1              cstackBANK1  000A0
__pcstackCOMMON             cstackCOMMON 00070
__pdataBANK0                dataBANK0    00066
__pidataBANK0               idataBANK0   00002
__pintentry                 intentry     00004
__pmaintext                 maintext     004C2
__pstringtext1              stringtext1  01000
__pstringtext10             stringtext10 01074
__pstringtext11             stringtext11 01079
__pstringtext12             stringtext12 0107D
__pstringtext13             stringtext13 00000
__pstringtext2              stringtext2  0101D
__pstringtext3              stringtext3  0102C
__pstringtext4              stringtext4  0103B
__pstringtext5              stringtext5  01049
__pstringtext6              stringtext6  01056
__pstringtext7              stringtext7  01060
__pstringtext8              stringtext8  01068
__pstringtext9              stringtext9  0106F
__ptext1                    text1        00169
__ptext10                   text10       00DC1
__ptext11                   text11       0034A
__ptext12                   text12       007EC
__ptext13                   text13       00EE2
__ptext14                   text14       00751
__ptext15                   text15       002C3
__ptext16                   text16       00F2E
__ptext17                   text17       00E5E
__ptext18                   text18       00E08
__ptext19                   text19       00072
__ptext2                    text2        00F58
__ptext20                   text20       0044F
__ptext21                   text21       00590
__ptext22                   text22       00E9D
__ptext23                   text23       00216
__ptext24                   text24       00FC1
__ptext25                   text25       00EBD
__ptext26                   text26       006FF
__ptext27                   text27       00D48
__ptext28                   text28       00D9C
__ptext29                   text29       006AB
__ptext3                    text3        00650
__ptext30                   text30       005F0
__ptext31                   text31       00D69
__ptext32                   text32       00D79
__ptext33                   text33       00DEF
__ptext34                   text34       00E24
__ptext36                   text36       00E7D
__ptext37                   text37       00F8C
__ptext38                   text38       003CF
__ptext39                   text39       00D8A
__ptext4                    text4        00F07
__ptext40                   text40       00D49
__ptext41                   text41       00D51
__ptext5                    text5        00530
__ptext6                    text6        00E41
__ptext7                    text7        0079F
__ptext8                    text8        00DD8
__ptext9                    text9        00DAE
_abs                        text28       00D9C
_addone                     text9        00DAE
_bytes_popped               bssBANK1     000D3
_bytes_pushed               bssBANK1     000D5
_charToHexDigit             text10       00DC1
_clear                      text33       00DEF
_cmd_active                 bssBANK1     000D8
_dbuf                       bssBANK2     00120
_do_blank                   text15       002C3
_do_init                    text13       00EE2
_do_read                    text11       0034A
_do_write                   text5        00530
_dtoa                       text23       00216
_dtoa$1192                  cstackBANK0  0003E
_empty                      text8        00DD8
_first                      text41       00D51
_flags                      bssBANK0     00065
_fputc                      text26       006FF
_fputs                      text25       00EBD
_head                       bssCOMMON    0007C
_isr                        intentry     00004
_main                       maintext     004C2
_memset                     text34       00E24
_pad                        text24       00FC1
_pop                        text7        0079F
_ports_init                 text4        00F07
_prec                       bssBANK1     000D1
_push                       text38       003CF
_push$1484                  cstackCOMMON 00078
_putch                      text27       00D48
_queue                      (abs)        023F0
_read_port                  text32       00D79
_read_prec_or_width         text21       00590
_setCTS                     text40       00D49
_setup_address              text31       00D69
_size                       text37       00F8C
_sprintf                    text17       00E5E
_tail                       dataBANK0    00066
_uart_getc                  text36       00E7D
_uart_init                  text1        00169
_uart_init_brg              text14       00751
_uart_putc                  text12       007EC
_uart_puts                  text16       00F2E
_vfpfcnvrt                  text19       00072
_vfprintf                   text18       00E08
_width                      bssBANK0     00063
_write_port                 text6        00E41
_xtoa                       text20       0044F
abs@a                       cstackBANK0  0002B
addone@i                    cstackBANK0  00024
btemp                       (abs)        0007E
charToHexDigit@c            cstackBANK0  00024
clear_ram0                  clrtext      00D5D
do_blank@addr               cstackBANK1  000CF
do_blank@ads                cstackBANK1  000AD
do_blank@data               cstackBANK1  000CE
do_blank@ok                 cstackBANK1  000CD
do_init@rate                cstackBANK1  000B5
do_init@s                   cstackBANK1  000AD
do_read@addr                cstackBANK1  000BF
do_read@ads                 cstackBANK1  000AD
do_read@col                 cstackBANK1  000BE
do_read@data                cstackBANK1  000BD
do_write@addr               cstackBANK0  0002E
do_write@c                  cstackBANK0  0002D
do_write@data               cstackBANK0  0002C
do_write@hi                 cstackBANK0  0002A
do_write@lo                 cstackBANK0  0002B
dtoa@d                      cstackBANK0  0003A
dtoa@fp                     cstackBANK0  0003D
dtoa@i                      cstackBANK0  00044
dtoa@p                      cstackBANK0  00040
dtoa@s                      cstackBANK0  00043
dtoa@w                      cstackBANK0  00041
end_of_initialization       cinit        0006E
fputc@c                     cstackBANK0  00024
fputc@fp                    cstackBANK0  00026
fputs@c                     cstackBANK0  0002F
fputs@fp                    cstackBANK0  0002C
fputs@i                     cstackBANK0  00030
fputs@s                     cstackBANK0  00032
i1_addone                   text39       00D8A
i1addone@i                  cstackCOMMON 00070
int$flags                   (abs)        0007E
intlevel0                   functab      00000
intlevel1                   functab      00000
intlevel2                   functab      00000
intlevel3                   functab      00000
intlevel4                   functab      00000
intlevel5                   functab      00000
isr@c                       cstackBANK0  00023
isr@n                       cstackBANK0  00020
isr@ok                      cstackBANK0  00022
main@cmd                    cstackBANK0  00062
memset@c                    cstackBANK0  00026
memset@dest                 cstackBANK0  00024
memset@n                    cstackBANK0  00028
memset@p                    cstackBANK0  0002A
pad@buf                     cstackBANK0  00033
pad@fp                      cstackBANK0  00039
pad@i                       cstackBANK0  00037
pad@p                       cstackBANK0  00034
pop@c                       cstackBANK0  00028
push@c                      cstackCOMMON 0007A
push@s                      cstackCOMMON 00076
read_port@data              cstackBANK0  00024
read_prec_or_width@ap       cstackBANK0  0002A
read_prec_or_width@c        cstackBANK0  0002F
read_prec_or_width@fmt      cstackBANK0  00032
read_prec_or_width@n        cstackBANK0  00030
reset_vec                   reset_vec    00000
setCTS@b                    cstackCOMMON 00070
setup_address@addr          cstackBANK0  00024
setup_address@hi            cstackBANK0  00026
size@s                      cstackCOMMON 00075
sprintf@ap                  cstackBANK1  000A0
sprintf@f                   cstackBANK1  000A2
sprintf@fmt                 cstackBANK0  0005B
sprintf@s                   cstackBANK1  000A1
start                       init         00040
start_initialization        cinit        00042
uart_getc@c                 cstackCOMMON 00070
uart_getc@ok                cstackCOMMON 00071
uart_init@baud_rate         cstackBANK0  0003E
uart_init@factor            cstackBANK0  0004A
uart_init@n                 cstackBANK0  00046
uart_init_brg@rate          cstackBANK0  0002B
uart_putc@c                 cstackBANK0  00024
uart_puts@p                 cstackBANK0  00027
uart_puts@s                 cstackBANK0  00024
vfpfcnvrt@ap                cstackBANK0  00047
vfpfcnvrt@convarg           cstackBANK0  0004D
vfpfcnvrt@cp                cstackBANK0  00052
vfpfcnvrt@done              cstackBANK0  0004C
vfpfcnvrt@fmt               cstackBANK0  00046
vfpfcnvrt@fp                cstackBANK0  00051
vfprintf@ap                 cstackBANK0  00056
vfprintf@cfmt               cstackBANK0  00059
vfprintf@fmt                cstackBANK0  00054
vfprintf@fp                 cstackBANK0  00058
write_port@data             cstackBANK0  00025
wtemp0                      (abs)        0007E
xtoa@c                      cstackBANK0  00041
xtoa@d                      cstackBANK0  0003A
xtoa@fp                     cstackBANK0  0003D
xtoa@i                      cstackBANK0  00042
xtoa@p                      cstackBANK0  0003E
xtoa@w                      cstackBANK0  0003F


MODULE INFORMATION

Module		Function		Class		Link	Load	Size
/Applications/microchip/xc8/v2.46/pic/sources/c99/common/Umul32.c
		___lmul        		CODE           	0F58	0000	52

/Applications/microchip/xc8/v2.46/pic/sources/c99/common/Umul32.c estimated size: 52

uart.c
		_uart_init     		CODE           	0169	0000	173
		_uart_getc     		CODE           	0E7D	0000	32
		_uart_init_brg 		CODE           	0751	0000	78
		_uart_putc     		CODE           	07EC	0000	20
		_uart_puts     		CODE           	0F2E	0000	42

uart.c estimated size: 345

/Applications/microchip/xc8/v2.46/pic/sources/c99/common/nf_sprintf.c
		_sprintf       		CODE           	0E5E	0000	31

/Applications/microchip/xc8/v2.46/pic/sources/c99/common/nf_sprintf.c estimated size: 31

/Applications/microchip/xc8/v2.46/pic/sources/c99/common/__lldiv.c
		___lldiv       		CODE           	0650	0000	91

/Applications/microchip/xc8/v2.46/pic/sources/c99/common/__lldiv.c estimated size: 91

/Applications/microchip/xc8/v2.46/pic/sources/c99/common/memset.c
		_memset        		CODE           	0E24	0000	29

/Applications/microchip/xc8/v2.46/pic/sources/c99/common/memset.c estimated size: 29

/Applications/microchip/xc8/v2.46/pic/sources/c99/common/nf_fputc.c
		_fputc         		CODE           	06FF	0000	82

/Applications/microchip/xc8/v2.46/pic/sources/c99/common/nf_fputc.c estimated size: 82

/Applications/microchip/xc8/v2.46/pic/sources/c99/common/abs.c
		_abs           		CODE           	0D9C	0000	18

/Applications/microchip/xc8/v2.46/pic/sources/c99/common/abs.c estimated size: 18

/Applications/microchip/xc8/v2.46/pic/sources/c99/common/awmod.c
		___awmod       		CODE           	06AB	0000	84

/Applications/microchip/xc8/v2.46/pic/sources/c99/common/awmod.c estimated size: 84

/Applications/microchip/xc8/v2.46/pic/sources/c99/common/doprnt.c
		_read_prec_or_width		CODE           	0590	0000	96
		_vfpfcnvrt     		CODE           	0072	0000	247
		_pad           		CODE           	0FC1	0000	63
		_dtoa          		CODE           	0216	0000	173
		_vfprintf      		CODE           	0E08	0000	28
		_xtoa          		CODE           	044F	0000	115

/Applications/microchip/xc8/v2.46/pic/sources/c99/common/doprnt.c estimated size: 722

/Applications/microchip/xc8/v2.46/pic/sources/c99/common/putch.c
		_putch         		CODE           	0D48	0000	1

/Applications/microchip/xc8/v2.46/pic/sources/c99/common/putch.c estimated size: 1

shared
		__initialization		CODE           	0042	0000	44
		i1_addone      		CODE           	0D8A	0000	18

shared estimated size: 62

/Applications/microchip/xc8/v2.46/pic/sources/c99/common/Umul16.c
		___wmul        		CODE           	0E9D	0000	32

/Applications/microchip/xc8/v2.46/pic/sources/c99/common/Umul16.c estimated size: 32

/Applications/microchip/xc8/v2.46/pic/sources/c99/common/awdiv.c
		___awdiv       		CODE           	05F0	0000	96

/Applications/microchip/xc8/v2.46/pic/sources/c99/common/awdiv.c estimated size: 96

main.c
		_empty         		CODE           	0DD8	0000	23
		_first         		CODE           	0D51	0000	12
		_setCTS        		CODE           	0D49	0000	8
		_ports_init    		CODE           	0F07	0000	39
		_main          		CODE           	04C2	0000	110
		_setup_address 		CODE           	0D69	0000	16
		_do_write      		CODE           	0530	0000	96
		_write_port    		CODE           	0E41	0000	29
		_pop           		CODE           	079F	0000	77
		_read_port     		CODE           	0D79	0000	17
		_do_init       		CODE           	0EE2	0000	37
		_size          		CODE           	0F8C	0000	53
		_isr           		CODE           	0004	0000	60
		_do_blank      		CODE           	02C3	0000	135
		_push          		CODE           	03CF	0000	128
		_clear         		CODE           	0DEF	0000	25
		_addone        		CODE           	0DAE	0000	19
		_charToHexDigit		CODE           	0DC1	0000	23
		_do_read       		CODE           	034A	0000	133

main.c estimated size: 1040

/Applications/microchip/xc8/v2.46/pic/sources/c99/common/nf_fputs.c
		_fputs         		CODE           	0EBD	0000	37

/Applications/microchip/xc8/v2.46/pic/sources/c99/common/nf_fputs.c estimated size: 37

